#
# There is insufficient memory for the Java Runtime Environment to continue.
# Native memory allocation (malloc) failed to allocate 1048576 bytes. Error detail: AllocateHeap
# Possible reasons:
#   The system is out of physical RAM or swap space
#   This process is running with CompressedOops enabled, and the Java Heap may be blocking the growth of the native heap
# Possible solutions:
#   Reduce memory load on the system
#   Increase physical memory or swap space
#   Check if swap backing store is full
#   Decrease Java heap size (-Xmx/-Xms)
#   Decrease number of Java threads
#   Decrease Java thread stack sizes (-Xss)
#   Set larger code cache with -XX:ReservedCodeCacheSize=
#   JVM is running with Unscaled Compressed Oops mode in which the Java heap is
#     placed in the first 4GB address space. The Java Heap base address is the
#     maximum limit for the native heap growth. Please use -XX:HeapBaseMinAddress
#     to set the Java Heap base and to place the Java Heap above 4GB virtual address.
# This output file may be truncated or incomplete.
#
#  Out of Memory Error (allocation.cpp:44), pid=21752, tid=19152
#
# JRE version: OpenJDK Runtime Environment Temurin-21.0.8+9 (21.0.8+9) (build 21.0.8+9-LTS)
# Java VM: OpenJDK 64-Bit Server VM Temurin-21.0.8+9 (21.0.8+9-LTS, mixed mode, sharing, tiered, compressed oops, compressed class ptrs, parallel gc, windows-amd64)
# No core dump will be written. Minidumps are not enabled by default on client versions of Windows
#

---------------  S U M M A R Y ------------

Command Line: --add-modules=ALL-SYSTEM --add-opens=java.base/java.util=ALL-UNNAMED --add-opens=java.base/java.lang=ALL-UNNAMED --add-opens=java.base/sun.nio.fs=ALL-UNNAMED -Declipse.application=org.eclipse.jdt.ls.core.id1 -Dosgi.bundles.defaultStartLevel=4 -Declipse.product=org.eclipse.jdt.ls.core.product -Djava.import.generatesMetadataFilesAtProjectRoot=false -DDetectVMInstallationsJob.disabled=true -Dfile.encoding=utf8 -XX:+UseParallelGC -XX:GCTimeRatio=4 -XX:AdaptiveSizePolicyWeight=90 -Dsun.zip.disableMemoryMapping=true -Xmx2G -Xms100m -Xlog:disable -javaagent:c:\Users\ThinkPad L15\.vscode\extensions\redhat.java-1.46.0-win32-x64\lombok\lombok-1.18.39-4050.jar -XX:+HeapDumpOnOutOfMemoryError -XX:HeapDumpPath=c:\Users\ThinkPad L15\AppData\Roaming\Code\User\workspaceStorage\6ed91179f2f0dc8b4840234d384d6134\redhat.java -Daether.dependencyCollector.impl=bf c:\Users\ThinkPad L15\.vscode\extensions\redhat.java-1.46.0-win32-x64\server\plugins\org.eclipse.equinox.launcher_1.7.0.v20250519-0528.jar -configuration c:\Users\ThinkPad L15\AppData\Roaming\Code\User\globalStorage\redhat.java\1.46.0\config_win -data c:\Users\ThinkPad L15\AppData\Roaming\Code\User\workspaceStorage\6ed91179f2f0dc8b4840234d384d6134\redhat.java\jdt_ws --pipe=\\.\pipe\lsp-8c942149eee8543cd1d5c40f51ce5805-sock

Host: AMD Ryzen 5 PRO 5650U with Radeon Graphics     , 12 cores, 14G,  Windows 10 , 64 bit Build 19041 (10.0.19041.5915)
Time: Fri Oct 24 16:42:54 2025 SE Asia Standard Time elapsed time: 1825.085403 seconds (0d 0h 30m 25s)

---------------  T H R E A D  ---------------

Current thread (0x0000023a67e23600):  JavaThread "Attach Listener" daemon [_thread_in_vm, id=19152, stack(0x00000069b7a00000,0x00000069b7b00000) (1024K)]

Stack: [0x00000069b7a00000,0x00000069b7b00000]
Native frames: (J=compiled Java code, j=interpreted, Vv=VM code, C=native code)
V  [jvm.dll+0x6d2449]
V  [jvm.dll+0x8ae341]
V  [jvm.dll+0x8b08be]
V  [jvm.dll+0x8b0fa3]
V  [jvm.dll+0x280c96]
V  [jvm.dll+0xc0347]
V  [jvm.dll+0x6d2cf9]
V  [jvm.dll+0x131116]
V  [jvm.dll+0x3f2d16]
V  [jvm.dll+0x857e6b]
V  [jvm.dll+0x6d0b0d]
C  [ucrtbase.dll+0x21bb2]
C  [KERNEL32.DLL+0x17374]
C  [ntdll.dll+0x4cc91]


---------------  P R O C E S S  ---------------

Threads class SMR info:
_java_thread_list=0x0000023a72b3ced0, length=39, elements={
0x0000023a5137da50, 0x0000023a67e1f6d0, 0x0000023a67e20d20, 0x0000023a67e226f0,
0x0000023a67e23600, 0x0000023a67e271d0, 0x0000023a67e27c20, 0x0000023a67e2ca60,
0x0000023a6e01f590, 0x0000023a6e0f9f70, 0x0000023a6e337580, 0x0000023a6ea7b6c0,
0x0000023a6ed5e160, 0x0000023a6e0ba530, 0x0000023a6ec0bc10, 0x0000023a6f052d60,
0x0000023a6ee9a8d0, 0x0000023a6eb6a8a0, 0x0000023a6eb6b5c0, 0x0000023a6eb6c2e0,
0x0000023a6eb6d690, 0x0000023a6eb6af30, 0x0000023a7082bfc0, 0x0000023a7082ac10,
0x0000023a7082d370, 0x0000023a7082da00, 0x0000023a7082a580, 0x0000023a7082b2a0,
0x0000023a7082b930, 0x0000023a7082c650, 0x0000023a7245e330, 0x0000023a724580c0,
0x0000023a7245f050, 0x0000023a7245f6e0, 0x0000023a7245b540, 0x0000023a72458de0,
0x0000023a7245e9c0, 0x0000023a7245cf80, 0x0000023a71621c30
}

Java Threads: ( => current thread )
  0x0000023a5137da50 JavaThread "main"                              [_thread_blocked, id=16008, stack(0x00000069b7300000,0x00000069b7400000) (1024K)]
  0x0000023a67e1f6d0 JavaThread "Reference Handler"          daemon [_thread_blocked, id=8376, stack(0x00000069b7700000,0x00000069b7800000) (1024K)]
  0x0000023a67e20d20 JavaThread "Finalizer"                  daemon [_thread_blocked, id=4484, stack(0x00000069b7800000,0x00000069b7900000) (1024K)]
  0x0000023a67e226f0 JavaThread "Signal Dispatcher"          daemon [_thread_blocked, id=800, stack(0x00000069b7900000,0x00000069b7a00000) (1024K)]
=>0x0000023a67e23600 JavaThread "Attach Listener"            daemon [_thread_in_vm, id=19152, stack(0x00000069b7a00000,0x00000069b7b00000) (1024K)]
  0x0000023a67e271d0 JavaThread "Service Thread"             daemon [_thread_blocked, id=20996, stack(0x00000069b7b00000,0x00000069b7c00000) (1024K)]
  0x0000023a67e27c20 JavaThread "Monitor Deflation Thread"   daemon [_thread_blocked, id=24524, stack(0x00000069b7c00000,0x00000069b7d00000) (1024K)]
  0x0000023a67e2ca60 JavaThread "C2 CompilerThread0"         daemon [_thread_blocked, id=4460, stack(0x00000069b7d00000,0x00000069b7e00000) (1024K)]
  0x0000023a6e01f590 JavaThread "C1 CompilerThread0"         daemon [_thread_blocked, id=21268, stack(0x00000069b7e00000,0x00000069b7f00000) (1024K)]
  0x0000023a6e0f9f70 JavaThread "Common-Cleaner"             daemon [_thread_blocked, id=20692, stack(0x00000069b7f00000,0x00000069b8000000) (1024K)]
  0x0000023a6e337580 JavaThread "Notification Thread"        daemon [_thread_blocked, id=7800, stack(0x00000069b8000000,0x00000069b8100000) (1024K)]
  0x0000023a6ea7b6c0 JavaThread "Active Thread: Equinox Container: 118c3ee4-2162-4deb-a6c3-0e6635da8a45"        [_thread_blocked, id=2536, stack(0x00000069b8900000,0x00000069b8a00000) (1024K)]
  0x0000023a6ed5e160 JavaThread "Refresh Thread: Equinox Container: 118c3ee4-2162-4deb-a6c3-0e6635da8a45" daemon [_thread_blocked, id=23368, stack(0x00000069b8200000,0x00000069b8300000) (1024K)]
  0x0000023a6e0ba530 JavaThread "Framework Event Dispatcher: Equinox Container: 118c3ee4-2162-4deb-a6c3-0e6635da8a45" daemon [_thread_blocked, id=4764, stack(0x00000069b8a00000,0x00000069b8b00000) (1024K)]
  0x0000023a6ec0bc10 JavaThread "Start Level: Equinox Container: 118c3ee4-2162-4deb-a6c3-0e6635da8a45" daemon [_thread_blocked, id=15652, stack(0x00000069b8b00000,0x00000069b8c00000) (1024K)]
  0x0000023a6f052d60 JavaThread "Bundle File Closer"         daemon [_thread_blocked, id=23560, stack(0x00000069b8f00000,0x00000069b9000000) (1024K)]
  0x0000023a6ee9a8d0 JavaThread "SCR Component Actor"        daemon [_thread_blocked, id=9636, stack(0x00000069b8c00000,0x00000069b8d00000) (1024K)]
  0x0000023a6eb6a8a0 JavaThread "Worker-JM"                         [_thread_blocked, id=22420, stack(0x00000069b9000000,0x00000069b9100000) (1024K)]
  0x0000023a6eb6b5c0 JavaThread "JNA Cleaner"                daemon [_thread_blocked, id=18336, stack(0x00000069b9100000,0x00000069b9200000) (1024K)]
  0x0000023a6eb6c2e0 JavaThread "Worker-1"                          [_thread_blocked, id=23888, stack(0x00000069b9400000,0x00000069b9500000) (1024K)]
  0x0000023a6eb6d690 JavaThread "Worker-2"                          [_thread_blocked, id=10728, stack(0x00000069b9500000,0x00000069b9600000) (1024K)]
  0x0000023a6eb6af30 JavaThread "Java indexing"              daemon [_thread_blocked, id=2416, stack(0x00000069b9700000,0x00000069b9800000) (1024K)]
  0x0000023a7082bfc0 JavaThread "Thread-1"                   daemon [_thread_in_native, id=15768, stack(0x00000069b9e00000,0x00000069b9f00000) (1024K)]
  0x0000023a7082ac10 JavaThread "Thread-2"                   daemon [_thread_in_native, id=20036, stack(0x00000069b9f00000,0x00000069ba000000) (1024K)]
  0x0000023a7082d370 JavaThread "Thread-3"                   daemon [_thread_in_native, id=1800, stack(0x00000069ba000000,0x00000069ba100000) (1024K)]
  0x0000023a7082da00 JavaThread "Thread-4"                   daemon [_thread_in_native, id=23812, stack(0x00000069ba100000,0x00000069ba200000) (1024K)]
  0x0000023a7082a580 JavaThread "Thread-5"                   daemon [_thread_in_native, id=1320, stack(0x00000069ba200000,0x00000069ba300000) (1024K)]
  0x0000023a7082b2a0 JavaThread "Thread-6"                   daemon [_thread_in_native, id=19836, stack(0x00000069ba300000,0x00000069ba400000) (1024K)]
  0x0000023a7082b930 JavaThread "Thread-7"                   daemon [_thread_in_native, id=20360, stack(0x00000069ba400000,0x00000069ba500000) (1024K)]
  0x0000023a7082c650 JavaThread "Thread-8"                   daemon [_thread_in_native, id=20272, stack(0x00000069ba500000,0x00000069ba600000) (1024K)]
  0x0000023a7245e330 JavaThread "Thread-9"                   daemon [_thread_in_native, id=21748, stack(0x00000069ba600000,0x00000069ba700000) (1024K)]
  0x0000023a724580c0 JavaThread "Thread-10"                  daemon [_thread_in_native, id=4508, stack(0x00000069ba700000,0x00000069ba800000) (1024K)]
  0x0000023a7245f050 JavaThread "Thread-11"                  daemon [_thread_in_native, id=5508, stack(0x00000069ba800000,0x00000069ba900000) (1024K)]
  0x0000023a7245f6e0 JavaThread "Thread-12"                  daemon [_thread_in_native, id=4444, stack(0x00000069ba900000,0x00000069baa00000) (1024K)]
  0x0000023a7245b540 JavaThread "Thread-13"                  daemon [_thread_in_native, id=3868, stack(0x00000069baa00000,0x00000069bab00000) (1024K)]
  0x0000023a72458de0 JavaThread "pool-2-thread-1"                   [_thread_blocked, id=14932, stack(0x00000069bab00000,0x00000069bac00000) (1024K)]
  0x0000023a7245e9c0 JavaThread "WorkspaceEventsHandler"            [_thread_blocked, id=23196, stack(0x00000069bac00000,0x00000069bad00000) (1024K)]
  0x0000023a7245cf80 JavaThread "pool-1-thread-1"                   [_thread_blocked, id=19968, stack(0x00000069bad00000,0x00000069bae00000) (1024K)]
  0x0000023a71621c30 JavaThread "Timer-0"                           [_thread_blocked, id=18916, stack(0x00000069bb900000,0x00000069bba00000) (1024K)]
Total: 39

Other Threads:
  0x0000023a67e03a60 VMThread "VM Thread"                           [id=6836, stack(0x00000069b7600000,0x00000069b7700000) (1024K)]
  0x0000023a51444db0 WatcherThread "VM Periodic Task Thread"        [id=772, stack(0x00000069b7500000,0x00000069b7600000) (1024K)]
  0x0000023a5139c2a0 WorkerThread "GC Thread#0"                     [id=6844, stack(0x00000069b7400000,0x00000069b7500000) (1024K)]
  0x0000023a6eafb6d0 WorkerThread "GC Thread#1"                     [id=18392, stack(0x00000069b8300000,0x00000069b8400000) (1024K)]
  0x0000023a6ea66cd0 WorkerThread "GC Thread#2"                     [id=13856, stack(0x00000069b8400000,0x00000069b8500000) (1024K)]
  0x0000023a6ea67070 WorkerThread "GC Thread#3"                     [id=20656, stack(0x00000069b8500000,0x00000069b8600000) (1024K)]
  0x0000023a6e727330 WorkerThread "GC Thread#4"                     [id=1656, stack(0x00000069b8600000,0x00000069b8700000) (1024K)]
  0x0000023a6e7276d0 WorkerThread "GC Thread#5"                     [id=11076, stack(0x00000069b8700000,0x00000069b8800000) (1024K)]
  0x0000023a6ea51ea0 WorkerThread "GC Thread#6"                     [id=1896, stack(0x00000069b8800000,0x00000069b8900000) (1024K)]
  0x0000023a6e003970 WorkerThread "GC Thread#7"                     [id=14780, stack(0x00000069b8100000,0x00000069b8200000) (1024K)]
  0x0000023a6ec6e940 WorkerThread "GC Thread#8"                     [id=3460, stack(0x00000069b8d00000,0x00000069b8e00000) (1024K)]
  0x0000023a6e9bd9f0 WorkerThread "GC Thread#9"                     [id=20260, stack(0x00000069b8e00000,0x00000069b8f00000) (1024K)]
Total: 12

Threads with active compile tasks:
Total: 0

VM state: not at safepoint (normal execution)

VM Mutex/Monitor currently owned by a thread: None

Heap address: 0x0000000080000000, size: 2048 MB, Compressed Oops mode: 32-bit

CDS archive(s) mapped at: [0x0000023a00000000-0x0000023a00ba0000-0x0000023a00ba0000), size 12189696, SharedBaseAddress: 0x0000023a00000000, ArchiveRelocationMode: 1.
Compressed class space mapped at: 0x0000023a01000000-0x0000023a41000000, reserved size: 1073741824
Narrow klass base: 0x0000023a00000000, Narrow klass shift: 0, Narrow klass range: 0x100000000

GC Precious Log:
 CardTable entry size: 512
 CPUs: 12 total, 12 available
 Memory: 15182M
 Large Page Support: Disabled
 NUMA Support: Disabled
 Compressed Oops: Enabled (32-bit)
 Alignments: Space 512K, Generation 512K, Heap 2M
 Heap Min Capacity: 100M
 Heap Initial Capacity: 100M
 Heap Max Capacity: 2G
 Pre-touch: Disabled
 Parallel Workers: 10

Heap:
 PSYoungGen      total 4096K, used 2714K [0x00000000d5580000, 0x00000000d5c00000, 0x0000000100000000)
  eden space 3584K, 67% used [0x00000000d5580000,0x00000000d57deaf0,0x00000000d5900000)
  from space 512K, 56% used [0x00000000d5b00000,0x00000000d5b48000,0x00000000d5b80000)
  to   space 512K, 0% used [0x00000000d5b80000,0x00000000d5b80000,0x00000000d5c00000)
 ParOldGen       total 154624K, used 154406K [0x0000000080000000, 0x0000000089700000, 0x00000000d5580000)
  object space 154624K, 99% used [0x0000000080000000,0x00000000896c9968,0x0000000089700000)
 Metaspace       used 58882K, committed 60288K, reserved 1114112K
  class space    used 6881K, committed 7488K, reserved 1048576K

Card table byte_map: [0x0000023a50d60000,0x0000023a51170000] _byte_map_base: 0x0000023a50960000

Marking Bits: (ParMarkBitMap*) 0x00007ffd2d7ca340
 Begin Bits: [0x0000023a63830000, 0x0000023a65830000)
 End Bits:   [0x0000023a65830000, 0x0000023a67830000)

Polling page: 0x0000023a50b50000

Metaspace:

Usage:
  Non-class:     50.78 MB used.
      Class:      6.72 MB used.
       Both:     57.50 MB used.

Virtual space:
  Non-class space:       64.00 MB reserved,      51.56 MB ( 81%) committed,  1 nodes.
      Class space:        1.00 GB reserved,       7.31 MB ( <1%) committed,  1 nodes.
             Both:        1.06 GB reserved,      58.88 MB (  5%) committed. 

Chunk freelists:
   Non-Class:  12.05 MB
       Class:  8.69 MB
        Both:  20.74 MB

MaxMetaspaceSize: unlimited
CompressedClassSpaceSize: 1.00 GB
Initial GC threshold: 21.00 MB
Current GC threshold: 58.88 MB
CDS: on
 - commit_granule_bytes: 65536.
 - commit_granule_words: 8192.
 - virtual_space_node_default_size: 8388608.
 - enlarge_chunks_in_place: 1.
 - use_allocation_guard: 0.


Internal statistics:

num_allocs_failed_limit: 10.
num_arena_births: 1154.
num_arena_deaths: 22.
num_vsnodes_births: 2.
num_vsnodes_deaths: 0.
num_space_committed: 942.
num_space_uncommitted: 0.
num_chunks_returned_to_freelist: 36.
num_chunks_taken_from_freelist: 3787.
num_chunk_merges: 16.
num_chunk_splits: 2387.
num_chunks_enlarged: 1449.
num_inconsistent_stats: 0.

CodeHeap 'non-profiled nmethods': size=120000Kb used=6004Kb max_used=6004Kb free=113995Kb
 bounds [0x0000023a5c050000, 0x0000023a5c630000, 0x0000023a63580000]
CodeHeap 'profiled nmethods': size=120000Kb used=17272Kb max_used=17272Kb free=102728Kb
 bounds [0x0000023a54580000, 0x0000023a55660000, 0x0000023a5bab0000]
CodeHeap 'non-nmethods': size=5760Kb used=1391Kb max_used=1449Kb free=4368Kb
 bounds [0x0000023a5bab0000, 0x0000023a5bd20000, 0x0000023a5c050000]
CodeCache: size=245760Kb, used=24667Kb, max_used=24725Kb, free=221091Kb
 total_blobs=9180, nmethods=8486, adapters=600, full_count=0
Compilation: enabled, stopped_count=0, restarted_count=0

Compilation events (20 events):
Event: 1223.747 Thread 0x0000023a67e2ca60 nmethod 9102 0x0000023a5c627390 code [0x0000023a5c627620, 0x0000023a5c6284d8]
Event: 1223.747 Thread 0x0000023a67e2ca60 9109       4       org.eclipse.core.internal.dtree.AbstractDataTreeNode::storeStrings (42 bytes)
Event: 1223.767 Thread 0x0000023a72a8ed20 nmethod 9108 0x0000023a5c628e90 code [0x0000023a5c629160, 0x0000023a5c629d08]
Event: 1223.767 Thread 0x0000023a72a8ed20 9105       4       org.eclipse.core.internal.resources.ResourceInfo::shareStrings (43 bytes)
Event: 1223.768 Thread 0x0000023a72a8ed20 nmethod 9105 0x0000023a5c62a490 code [0x0000023a5c62a620, 0x0000023a5c62a730]
Event: 1223.768 Thread 0x0000023a72a8ed20 9106       4       org.eclipse.core.internal.resources.MarkerInfo::shareStrings (21 bytes)
Event: 1223.769 Thread 0x0000023a72a8ed20 nmethod 9106 0x0000023a5c62a810 code [0x0000023a5c62a9c0, 0x0000023a5c62ab10]
Event: 1223.781 Thread 0x0000023a67e2ca60 nmethod 9109 0x0000023a5c62ac10 code [0x0000023a5c62afc0, 0x0000023a5c62c1e0]
Event: 1266.489 Thread 0x0000023a6e01f590 9111       3       java.util.concurrent.locks.AbstractQueuedSynchronizer$ConditionObject::unlinkCancelledWaiters (91 bytes)
Event: 1266.490 Thread 0x0000023a6e01f590 nmethod 9111 0x0000023a5565cf10 code [0x0000023a5565d0c0, 0x0000023a5565d450]
Event: 1306.518 Thread 0x0000023a6e01f590 9112       1       org.eclipse.jdt.ls.core.internal.LanguageServerApplication::getParentProcessId (5 bytes)
Event: 1306.518 Thread 0x0000023a6e01f590 nmethod 9112 0x0000023a5c62cb90 code [0x0000023a5c62cd20, 0x0000023a5c62cde8]
Event: 1596.755 Thread 0x0000023a6e01f590 9113       3       java.util.concurrent.locks.AbstractQueuedSynchronizer$Node::setStatusRelaxed (12 bytes)
Event: 1596.755 Thread 0x0000023a6e01f590 nmethod 9113 0x0000023a5565d590 code [0x0000023a5565d720, 0x0000023a5565d838]
Event: 1703.725 Thread 0x0000023a6e01f590 9114       3       java.util.concurrent.atomic.AtomicLong::weakCompareAndSetVolatile (13 bytes)
Event: 1703.726 Thread 0x0000023a6e01f590 nmethod 9114 0x0000023a5565d910 code [0x0000023a5565dac0, 0x0000023a5565dc20]
Event: 1706.071 Thread 0x0000023a6e01f590 9115       1       com.sun.jna.internal.Cleaner::access$100 (5 bytes)
Event: 1706.074 Thread 0x0000023a6e01f590 nmethod 9115 0x0000023a5c62ce90 code [0x0000023a5c62d020, 0x0000023a5c62d0d0]
Event: 1803.110 Thread 0x0000023a6e01f590 9116       3       java.util.concurrent.ThreadPoolExecutor::beforeExecute (1 bytes)
Event: 1803.111 Thread 0x0000023a6e01f590 nmethod 9116 0x0000023a5565dd10 code [0x0000023a5565dea0, 0x0000023a5565dfa8]

GC Heap History (20 events):
Event: 36.818 GC heap before
{Heap before GC invocations=344 (full 2):
 PSYoungGen      total 4096K, used 3903K [0x00000000d5580000, 0x00000000d5c00000, 0x0000000100000000)
  eden space 3584K, 99% used [0x00000000d5580000,0x00000000d58ffff0,0x00000000d5900000)
  from space 512K, 62% used [0x00000000d5b00000,0x00000000d5b50000,0x00000000d5b80000)
  to   space 512K, 0% used [0x00000000d5b80000,0x00000000d5b80000,0x00000000d5c00000)
 ParOldGen       total 152064K, used 151806K [0x0000000080000000, 0x0000000089480000, 0x00000000d5580000)
  object space 152064K, 99% used [0x0000000080000000,0x000000008943f968,0x0000000089480000)
 Metaspace       used 58700K, committed 60096K, reserved 1114112K
  class space    used 6860K, committed 7488K, reserved 1048576K
}
Event: 36.822 GC heap after
{Heap after GC invocations=344 (full 2):
 PSYoungGen      total 4096K, used 352K [0x00000000d5580000, 0x00000000d5c00000, 0x0000000100000000)
  eden space 3584K, 0% used [0x00000000d5580000,0x00000000d5580000,0x00000000d5900000)
  from space 512K, 68% used [0x00000000d5b80000,0x00000000d5bd8000,0x00000000d5c00000)
  to   space 512K, 0% used [0x00000000d5b00000,0x00000000d5b00000,0x00000000d5b80000)
 ParOldGen       total 154112K, used 153510K [0x0000000080000000, 0x0000000089680000, 0x00000000d5580000)
  object space 154112K, 99% used [0x0000000080000000,0x00000000895e9968,0x0000000089680000)
 Metaspace       used 58700K, committed 60096K, reserved 1114112K
  class space    used 6860K, committed 7488K, reserved 1048576K
}
Event: 36.833 GC heap before
{Heap before GC invocations=345 (full 2):
 PSYoungGen      total 4096K, used 3936K [0x00000000d5580000, 0x00000000d5c00000, 0x0000000100000000)
  eden space 3584K, 100% used [0x00000000d5580000,0x00000000d5900000,0x00000000d5900000)
  from space 512K, 68% used [0x00000000d5b80000,0x00000000d5bd8000,0x00000000d5c00000)
  to   space 512K, 0% used [0x00000000d5b00000,0x00000000d5b00000,0x00000000d5b80000)
 ParOldGen       total 154112K, used 153510K [0x0000000080000000, 0x0000000089680000, 0x00000000d5580000)
  object space 154112K, 99% used [0x0000000080000000,0x00000000895e9968,0x0000000089680000)
 Metaspace       used 58700K, committed 60096K, reserved 1114112K
  class space    used 6860K, committed 7488K, reserved 1048576K
}
Event: 36.834 GC heap after
{Heap after GC invocations=345 (full 2):
 PSYoungGen      total 4096K, used 288K [0x00000000d5580000, 0x00000000d5c00000, 0x0000000100000000)
  eden space 3584K, 0% used [0x00000000d5580000,0x00000000d5580000,0x00000000d5900000)
  from space 512K, 56% used [0x00000000d5b00000,0x00000000d5b48000,0x00000000d5b80000)
  to   space 512K, 0% used [0x00000000d5b80000,0x00000000d5b80000,0x00000000d5c00000)
 ParOldGen       total 154112K, used 153678K [0x0000000080000000, 0x0000000089680000, 0x00000000d5580000)
  object space 154112K, 99% used [0x0000000080000000,0x0000000089613968,0x0000000089680000)
 Metaspace       used 58700K, committed 60096K, reserved 1114112K
  class space    used 6860K, committed 7488K, reserved 1048576K
}
Event: 36.847 GC heap before
{Heap before GC invocations=346 (full 2):
 PSYoungGen      total 4096K, used 3872K [0x00000000d5580000, 0x00000000d5c00000, 0x0000000100000000)
  eden space 3584K, 100% used [0x00000000d5580000,0x00000000d5900000,0x00000000d5900000)
  from space 512K, 56% used [0x00000000d5b00000,0x00000000d5b48000,0x00000000d5b80000)
  to   space 512K, 0% used [0x00000000d5b80000,0x00000000d5b80000,0x00000000d5c00000)
 ParOldGen       total 154112K, used 153678K [0x0000000080000000, 0x0000000089680000, 0x00000000d5580000)
  object space 154112K, 99% used [0x0000000080000000,0x0000000089613968,0x0000000089680000)
 Metaspace       used 58700K, committed 60096K, reserved 1114112K
  class space    used 6860K, committed 7488K, reserved 1048576K
}
Event: 36.848 GC heap after
{Heap after GC invocations=346 (full 2):
 PSYoungGen      total 4096K, used 288K [0x00000000d5580000, 0x00000000d5c00000, 0x0000000100000000)
  eden space 3584K, 0% used [0x00000000d5580000,0x00000000d5580000,0x00000000d5900000)
  from space 512K, 56% used [0x00000000d5b80000,0x00000000d5bc8000,0x00000000d5c00000)
  to   space 512K, 0% used [0x00000000d5b00000,0x00000000d5b00000,0x00000000d5b80000)
 ParOldGen       total 154112K, used 153734K [0x0000000080000000, 0x0000000089680000, 0x00000000d5580000)
  object space 154112K, 99% used [0x0000000080000000,0x0000000089621968,0x0000000089680000)
 Metaspace       used 58700K, committed 60096K, reserved 1114112K
  class space    used 6860K, committed 7488K, reserved 1048576K
}
Event: 36.855 GC heap before
{Heap before GC invocations=347 (full 2):
 PSYoungGen      total 4096K, used 3872K [0x00000000d5580000, 0x00000000d5c00000, 0x0000000100000000)
  eden space 3584K, 100% used [0x00000000d5580000,0x00000000d5900000,0x00000000d5900000)
  from space 512K, 56% used [0x00000000d5b80000,0x00000000d5bc8000,0x00000000d5c00000)
  to   space 512K, 0% used [0x00000000d5b00000,0x00000000d5b00000,0x00000000d5b80000)
 ParOldGen       total 154112K, used 153734K [0x0000000080000000, 0x0000000089680000, 0x00000000d5580000)
  object space 154112K, 99% used [0x0000000080000000,0x0000000089621968,0x0000000089680000)
 Metaspace       used 58700K, committed 60096K, reserved 1114112K
  class space    used 6860K, committed 7488K, reserved 1048576K
}
Event: 36.856 GC heap after
{Heap after GC invocations=347 (full 2):
 PSYoungGen      total 4096K, used 320K [0x00000000d5580000, 0x00000000d5c00000, 0x0000000100000000)
  eden space 3584K, 0% used [0x00000000d5580000,0x00000000d5580000,0x00000000d5900000)
  from space 512K, 62% used [0x00000000d5b00000,0x00000000d5b50000,0x00000000d5b80000)
  to   space 512K, 0% used [0x00000000d5b80000,0x00000000d5b80000,0x00000000d5c00000)
 ParOldGen       total 154112K, used 153798K [0x0000000080000000, 0x0000000089680000, 0x00000000d5580000)
  object space 154112K, 99% used [0x0000000080000000,0x0000000089631968,0x0000000089680000)
 Metaspace       used 58700K, committed 60096K, reserved 1114112K
  class space    used 6860K, committed 7488K, reserved 1048576K
}
Event: 36.863 GC heap before
{Heap before GC invocations=348 (full 2):
 PSYoungGen      total 4096K, used 3904K [0x00000000d5580000, 0x00000000d5c00000, 0x0000000100000000)
  eden space 3584K, 100% used [0x00000000d5580000,0x00000000d5900000,0x00000000d5900000)
  from space 512K, 62% used [0x00000000d5b00000,0x00000000d5b50000,0x00000000d5b80000)
  to   space 512K, 0% used [0x00000000d5b80000,0x00000000d5b80000,0x00000000d5c00000)
 ParOldGen       total 154112K, used 153798K [0x0000000080000000, 0x0000000089680000, 0x00000000d5580000)
  object space 154112K, 99% used [0x0000000080000000,0x0000000089631968,0x0000000089680000)
 Metaspace       used 58709K, committed 60096K, reserved 1114112K
  class space    used 6862K, committed 7488K, reserved 1048576K
}
Event: 36.864 GC heap after
{Heap after GC invocations=348 (full 2):
 PSYoungGen      total 4096K, used 256K [0x00000000d5580000, 0x00000000d5c00000, 0x0000000100000000)
  eden space 3584K, 0% used [0x00000000d5580000,0x00000000d5580000,0x00000000d5900000)
  from space 512K, 50% used [0x00000000d5b80000,0x00000000d5bc0000,0x00000000d5c00000)
  to   space 512K, 0% used [0x00000000d5b00000,0x00000000d5b00000,0x00000000d5b80000)
 ParOldGen       total 154112K, used 153870K [0x0000000080000000, 0x0000000089680000, 0x00000000d5580000)
  object space 154112K, 99% used [0x0000000080000000,0x0000000089643968,0x0000000089680000)
 Metaspace       used 58709K, committed 60096K, reserved 1114112K
  class space    used 6862K, committed 7488K, reserved 1048576K
}
Event: 36.872 GC heap before
{Heap before GC invocations=349 (full 2):
 PSYoungGen      total 4096K, used 3840K [0x00000000d5580000, 0x00000000d5c00000, 0x0000000100000000)
  eden space 3584K, 100% used [0x00000000d5580000,0x00000000d5900000,0x00000000d5900000)
  from space 512K, 50% used [0x00000000d5b80000,0x00000000d5bc0000,0x00000000d5c00000)
  to   space 512K, 0% used [0x00000000d5b00000,0x00000000d5b00000,0x00000000d5b80000)
 ParOldGen       total 154112K, used 153870K [0x0000000080000000, 0x0000000089680000, 0x00000000d5580000)
  object space 154112K, 99% used [0x0000000080000000,0x0000000089643968,0x0000000089680000)
 Metaspace       used 58713K, committed 60096K, reserved 1114112K
  class space    used 6862K, committed 7488K, reserved 1048576K
}
Event: 36.873 GC heap after
{Heap after GC invocations=349 (full 2):
 PSYoungGen      total 4096K, used 256K [0x00000000d5580000, 0x00000000d5c00000, 0x0000000100000000)
  eden space 3584K, 0% used [0x00000000d5580000,0x00000000d5580000,0x00000000d5900000)
  from space 512K, 50% used [0x00000000d5b00000,0x00000000d5b40000,0x00000000d5b80000)
  to   space 512K, 0% used [0x00000000d5b80000,0x00000000d5b80000,0x00000000d5c00000)
 ParOldGen       total 154112K, used 153966K [0x0000000080000000, 0x0000000089680000, 0x00000000d5580000)
  object space 154112K, 99% used [0x0000000080000000,0x000000008965b968,0x0000000089680000)
 Metaspace       used 58713K, committed 60096K, reserved 1114112K
  class space    used 6862K, committed 7488K, reserved 1048576K
}
Event: 36.879 GC heap before
{Heap before GC invocations=350 (full 2):
 PSYoungGen      total 4096K, used 3840K [0x00000000d5580000, 0x00000000d5c00000, 0x0000000100000000)
  eden space 3584K, 100% used [0x00000000d5580000,0x00000000d5900000,0x00000000d5900000)
  from space 512K, 50% used [0x00000000d5b00000,0x00000000d5b40000,0x00000000d5b80000)
  to   space 512K, 0% used [0x00000000d5b80000,0x00000000d5b80000,0x00000000d5c00000)
 ParOldGen       total 154112K, used 153966K [0x0000000080000000, 0x0000000089680000, 0x00000000d5580000)
  object space 154112K, 99% used [0x0000000080000000,0x000000008965b968,0x0000000089680000)
 Metaspace       used 58713K, committed 60096K, reserved 1114112K
  class space    used 6862K, committed 7488K, reserved 1048576K
}
Event: 36.880 GC heap after
{Heap after GC invocations=350 (full 2):
 PSYoungGen      total 4096K, used 224K [0x00000000d5580000, 0x00000000d5c00000, 0x0000000100000000)
  eden space 3584K, 0% used [0x00000000d5580000,0x00000000d5580000,0x00000000d5900000)
  from space 512K, 43% used [0x00000000d5b80000,0x00000000d5bb8000,0x00000000d5c00000)
  to   space 512K, 0% used [0x00000000d5b00000,0x00000000d5b00000,0x00000000d5b80000)
 ParOldGen       total 154112K, used 154078K [0x0000000080000000, 0x0000000089680000, 0x00000000d5580000)
  object space 154112K, 99% used [0x0000000080000000,0x0000000089677968,0x0000000089680000)
 Metaspace       used 58713K, committed 60096K, reserved 1114112K
  class space    used 6862K, committed 7488K, reserved 1048576K
}
Event: 36.885 GC heap before
{Heap before GC invocations=351 (full 2):
 PSYoungGen      total 4096K, used 3808K [0x00000000d5580000, 0x00000000d5c00000, 0x0000000100000000)
  eden space 3584K, 100% used [0x00000000d5580000,0x00000000d5900000,0x00000000d5900000)
  from space 512K, 43% used [0x00000000d5b80000,0x00000000d5bb8000,0x00000000d5c00000)
  to   space 512K, 0% used [0x00000000d5b00000,0x00000000d5b00000,0x00000000d5b80000)
 ParOldGen       total 154112K, used 154078K [0x0000000080000000, 0x0000000089680000, 0x00000000d5580000)
  object space 154112K, 99% used [0x0000000080000000,0x0000000089677968,0x0000000089680000)
 Metaspace       used 58713K, committed 60096K, reserved 1114112K
  class space    used 6862K, committed 7488K, reserved 1048576K
}
Event: 36.886 GC heap after
{Heap after GC invocations=351 (full 2):
 PSYoungGen      total 4096K, used 320K [0x00000000d5580000, 0x00000000d5c00000, 0x0000000100000000)
  eden space 3584K, 0% used [0x00000000d5580000,0x00000000d5580000,0x00000000d5900000)
  from space 512K, 62% used [0x00000000d5b00000,0x00000000d5b50000,0x00000000d5b80000)
  to   space 512K, 0% used [0x00000000d5b80000,0x00000000d5b80000,0x00000000d5c00000)
 ParOldGen       total 154624K, used 154190K [0x0000000080000000, 0x0000000089700000, 0x00000000d5580000)
  object space 154624K, 99% used [0x0000000080000000,0x0000000089693968,0x0000000089700000)
 Metaspace       used 58713K, committed 60096K, reserved 1114112K
  class space    used 6862K, committed 7488K, reserved 1048576K
}
Event: 36.923 GC heap before
{Heap before GC invocations=352 (full 2):
 PSYoungGen      total 4096K, used 3904K [0x00000000d5580000, 0x00000000d5c00000, 0x0000000100000000)
  eden space 3584K, 100% used [0x00000000d5580000,0x00000000d5900000,0x00000000d5900000)
  from space 512K, 62% used [0x00000000d5b00000,0x00000000d5b50000,0x00000000d5b80000)
  to   space 512K, 0% used [0x00000000d5b80000,0x00000000d5b80000,0x00000000d5c00000)
 ParOldGen       total 154624K, used 154190K [0x0000000080000000, 0x0000000089700000, 0x00000000d5580000)
  object space 154624K, 99% used [0x0000000080000000,0x0000000089693968,0x0000000089700000)
 Metaspace       used 58713K, committed 60096K, reserved 1114112K
  class space    used 6862K, committed 7488K, reserved 1048576K
}
Event: 36.924 GC heap after
{Heap after GC invocations=352 (full 2):
 PSYoungGen      total 4096K, used 320K [0x00000000d5580000, 0x00000000d5c00000, 0x0000000100000000)
  eden space 3584K, 0% used [0x00000000d5580000,0x00000000d5580000,0x00000000d5900000)
  from space 512K, 62% used [0x00000000d5b80000,0x00000000d5bd0000,0x00000000d5c00000)
  to   space 512K, 0% used [0x00000000d5b00000,0x00000000d5b00000,0x00000000d5b80000)
 ParOldGen       total 154624K, used 154294K [0x0000000080000000, 0x0000000089700000, 0x00000000d5580000)
  object space 154624K, 99% used [0x0000000080000000,0x00000000896ad968,0x0000000089700000)
 Metaspace       used 58713K, committed 60096K, reserved 1114112K
  class space    used 6862K, committed 7488K, reserved 1048576K
}
Event: 36.937 GC heap before
{Heap before GC invocations=353 (full 2):
 PSYoungGen      total 4096K, used 3858K [0x00000000d5580000, 0x00000000d5c00000, 0x0000000100000000)
  eden space 3584K, 98% used [0x00000000d5580000,0x00000000d58f4890,0x00000000d5900000)
  from space 512K, 62% used [0x00000000d5b80000,0x00000000d5bd0000,0x00000000d5c00000)
  to   space 512K, 0% used [0x00000000d5b00000,0x00000000d5b00000,0x00000000d5b80000)
 ParOldGen       total 154624K, used 154294K [0x0000000080000000, 0x0000000089700000, 0x00000000d5580000)
  object space 154624K, 99% used [0x0000000080000000,0x00000000896ad968,0x0000000089700000)
 Metaspace       used 58724K, committed 60096K, reserved 1114112K
  class space    used 6862K, committed 7488K, reserved 1048576K
}
Event: 36.938 GC heap after
{Heap after GC invocations=353 (full 2):
 PSYoungGen      total 4096K, used 288K [0x00000000d5580000, 0x00000000d5c00000, 0x0000000100000000)
  eden space 3584K, 0% used [0x00000000d5580000,0x00000000d5580000,0x00000000d5900000)
  from space 512K, 56% used [0x00000000d5b00000,0x00000000d5b48000,0x00000000d5b80000)
  to   space 512K, 0% used [0x00000000d5b80000,0x00000000d5b80000,0x00000000d5c00000)
 ParOldGen       total 154624K, used 154406K [0x0000000080000000, 0x0000000089700000, 0x00000000d5580000)
  object space 154624K, 99% used [0x0000000080000000,0x00000000896c9968,0x0000000089700000)
 Metaspace       used 58724K, committed 60096K, reserved 1114112K
  class space    used 6862K, committed 7488K, reserved 1048576K
}

Dll operation events (13 events):
Event: 0.014 Loaded shared library c:\Users\ThinkPad L15\.vscode\extensions\redhat.java-1.46.0-win32-x64\jre\21.0.8-win32-x86_64\bin\java.dll
Event: 0.156 Loaded shared library c:\Users\ThinkPad L15\.vscode\extensions\redhat.java-1.46.0-win32-x64\jre\21.0.8-win32-x86_64\bin\zip.dll
Event: 0.207 Loaded shared library C:\Users\ThinkPad L15\.vscode\extensions\redhat.java-1.46.0-win32-x64\jre\21.0.8-win32-x86_64\bin\instrument.dll
Event: 0.219 Loaded shared library C:\Users\ThinkPad L15\.vscode\extensions\redhat.java-1.46.0-win32-x64\jre\21.0.8-win32-x86_64\bin\net.dll
Event: 0.223 Loaded shared library C:\Users\ThinkPad L15\.vscode\extensions\redhat.java-1.46.0-win32-x64\jre\21.0.8-win32-x86_64\bin\nio.dll
Event: 0.230 Loaded shared library C:\Users\ThinkPad L15\.vscode\extensions\redhat.java-1.46.0-win32-x64\jre\21.0.8-win32-x86_64\bin\zip.dll
Event: 0.286 Loaded shared library C:\Users\ThinkPad L15\.vscode\extensions\redhat.java-1.46.0-win32-x64\jre\21.0.8-win32-x86_64\bin\jimage.dll
Event: 0.545 Loaded shared library c:\Users\ThinkPad L15\.vscode\extensions\redhat.java-1.46.0-win32-x64\jre\21.0.8-win32-x86_64\bin\verify.dll
Event: 11.407 Loaded shared library C:\Users\ThinkPad L15\AppData\Roaming\Code\User\globalStorage\redhat.java\1.46.0\config_win\org.eclipse.equinox.launcher\org.eclipse.equinox.launcher.win32.win32.x86_64_1.2.1400.v20250801-0854\eclipse_11916.dll
Event: 22.966 Loaded shared library C:\Users\ThinkPad L15\AppData\Local\Temp\jna--1998507727\jna11904058119046397460.dll
Event: 29.478 Loaded shared library C:\Users\ThinkPad L15\.gradle\native\1def1411415f61bf3af743bc5b6707747c0891f09f0c88961ee8f79bc544acac\windows-amd64\native-platform.dll
Event: 31.086 Loaded shared library C:\Users\ThinkPad L15\.vscode\extensions\redhat.java-1.46.0-win32-x64\jre\21.0.8-win32-x86_64\bin\management.dll
Event: 31.091 Loaded shared library C:\Users\ThinkPad L15\.vscode\extensions\redhat.java-1.46.0-win32-x64\jre\21.0.8-win32-x86_64\bin\management_ext.dll

Deoptimization events (20 events):
Event: 36.647 Thread 0x0000023a6eb6d690 Uncommon trap: trap_request=0xffffff45 fr.pc=0x0000023a5c59443c relative=0x00000000000005bc
Event: 36.647 Thread 0x0000023a6eb6d690 Uncommon trap: reason=unstable_if action=reinterpret pc=0x0000023a5c59443c method=org.eclipse.jdt.internal.core.util.WeakHashSet.addValue(Lorg/eclipse/jdt/internal/core/util/WeakHashSet$HashableWeakReference;)V @ 6 c2
Event: 36.648 Thread 0x0000023a6eb6d690 DEOPT PACKING pc=0x0000023a5c59443c sp=0x00000069b95fe940
Event: 36.648 Thread 0x0000023a6eb6d690 DEOPT UNPACKING pc=0x0000023a5bb03aa2 sp=0x00000069b95fe880 mode 2
Event: 36.942 Thread 0x0000023a6eb6d690 Uncommon trap: trap_request=0xffffff6e fr.pc=0x0000023a5c606658 relative=0x0000000000000198
Event: 36.942 Thread 0x0000023a6eb6d690 Uncommon trap: reason=loop_limit_check action=maybe_recompile pc=0x0000023a5c606658 method=org.eclipse.jdt.internal.core.util.HashtableOfArrayToObject.hashCode([Ljava/lang/Object;I)I @ 27 c2
Event: 36.942 Thread 0x0000023a6eb6d690 DEOPT PACKING pc=0x0000023a5c606658 sp=0x00000069b95fead0
Event: 36.942 Thread 0x0000023a6eb6d690 DEOPT UNPACKING pc=0x0000023a5bb03aa2 sp=0x00000069b95fea48 mode 2
Event: 323.700 Thread 0x0000023a6eb6d690 Uncommon trap: trap_request=0xffffff45 fr.pc=0x0000023a5c059dc8 relative=0x00000000000000a8
Event: 323.700 Thread 0x0000023a6eb6d690 Uncommon trap: reason=unstable_if action=reinterpret pc=0x0000023a5c059dc8 method=java.lang.String.isLatin1()Z @ 10 c2
Event: 323.700 Thread 0x0000023a6eb6d690 DEOPT PACKING pc=0x0000023a5c059dc8 sp=0x00000069b95feb90
Event: 323.700 Thread 0x0000023a6eb6d690 DEOPT UNPACKING pc=0x0000023a5bb03aa2 sp=0x00000069b95feac0 mode 2
Event: 1223.712 Thread 0x0000023a6eb6d690 Uncommon trap: trap_request=0xffffff45 fr.pc=0x0000023a5c623314 relative=0x0000000000001cf4
Event: 1223.712 Thread 0x0000023a6eb6d690 Uncommon trap: reason=unstable_if action=reinterpret pc=0x0000023a5c623314 method=org.eclipse.core.internal.utils.StringPool.add(Ljava/lang/String;)Ljava/lang/String; @ 1 c2
Event: 1223.712 Thread 0x0000023a6eb6d690 DEOPT PACKING pc=0x0000023a5c623314 sp=0x00000069b95ff2e0
Event: 1223.712 Thread 0x0000023a6eb6d690 DEOPT UNPACKING pc=0x0000023a5bb03aa2 sp=0x00000069b95ff238 mode 2
Event: 1223.712 Thread 0x0000023a6eb6d690 Uncommon trap: trap_request=0xffffff45 fr.pc=0x0000023a5c61dd00 relative=0x0000000000000a00
Event: 1223.712 Thread 0x0000023a6eb6d690 Uncommon trap: reason=unstable_if action=reinterpret pc=0x0000023a5c61dd00 method=org.eclipse.core.internal.utils.StringPool.add(Ljava/lang/String;)Ljava/lang/String; @ 1 c2
Event: 1223.712 Thread 0x0000023a6eb6d690 DEOPT PACKING pc=0x0000023a5c61dd00 sp=0x00000069b95ff280
Event: 1223.712 Thread 0x0000023a6eb6d690 DEOPT UNPACKING pc=0x0000023a5bb03aa2 sp=0x00000069b95ff248 mode 2

Classes loaded (20 events):
Event: 32.862 Loading class java/lang/invoke/MethodHandleImpl$CountingWrapper$1
Event: 32.862 Loading class java/lang/invoke/MethodHandleImpl$CountingWrapper$1 done
Event: 33.203 Loading class java/util/stream/DistinctOps
Event: 33.203 Loading class java/util/stream/DistinctOps done
Event: 33.203 Loading class java/util/stream/DistinctOps$1
Event: 33.204 Loading class java/util/stream/DistinctOps$1 done
Event: 33.208 Loading class java/util/stream/DistinctOps$1$2
Event: 33.209 Loading class java/util/stream/DistinctOps$1$2 done
Event: 33.264 Loading class java/util/HashMap$EntrySpliterator
Event: 33.265 Loading class java/util/HashMap$EntrySpliterator done
Event: 36.950 Loading class java/util/stream/ReduceOps$5
Event: 36.950 Loading class java/util/stream/ReduceOps$5 done
Event: 36.950 Loading class java/util/stream/ReduceOps$CountingSink$OfRef
Event: 36.950 Loading class java/util/stream/ReduceOps$CountingSink
Event: 36.950 Loading class java/util/stream/ReduceOps$CountingSink done
Event: 36.950 Loading class java/util/stream/ReduceOps$CountingSink$OfRef done
Event: 37.213 Loading class java/util/stream/ReduceOps$1
Event: 37.214 Loading class java/util/stream/ReduceOps$1 done
Event: 37.214 Loading class java/util/stream/ReduceOps$1ReducingSink
Event: 37.214 Loading class java/util/stream/ReduceOps$1ReducingSink done

Classes unloaded (11 events):
Event: 24.389 Thread 0x0000023a67e03a60 Unloading class 0x0000023a011a5400 'java/lang/invoke/LambdaForm$MH+0x0000023a011a5400'
Event: 24.389 Thread 0x0000023a67e03a60 Unloading class 0x0000023a011a5000 'java/lang/invoke/LambdaForm$MH+0x0000023a011a5000'
Event: 24.389 Thread 0x0000023a67e03a60 Unloading class 0x0000023a011a4c00 'java/lang/invoke/LambdaForm$MH+0x0000023a011a4c00'
Event: 24.389 Thread 0x0000023a67e03a60 Unloading class 0x0000023a011a4800 'java/lang/invoke/LambdaForm$MH+0x0000023a011a4800'
Event: 24.389 Thread 0x0000023a67e03a60 Unloading class 0x0000023a011a4400 'java/lang/invoke/LambdaForm$BMH+0x0000023a011a4400'
Event: 24.389 Thread 0x0000023a67e03a60 Unloading class 0x0000023a011a4000 'java/lang/invoke/LambdaForm$DMH+0x0000023a011a4000'
Event: 24.389 Thread 0x0000023a67e03a60 Unloading class 0x0000023a011a2c00 'java/lang/invoke/LambdaForm$DMH+0x0000023a011a2c00'
Event: 25.821 Thread 0x0000023a67e03a60 Unloading class 0x0000023a01323000 'java/lang/invoke/LambdaForm$MH+0x0000023a01323000'
Event: 25.821 Thread 0x0000023a67e03a60 Unloading class 0x0000023a01322400 'java/lang/invoke/LambdaForm$MH+0x0000023a01322400'
Event: 25.821 Thread 0x0000023a67e03a60 Unloading class 0x0000023a01321c00 'java/lang/invoke/LambdaForm$MH+0x0000023a01321c00'
Event: 25.821 Thread 0x0000023a67e03a60 Unloading class 0x0000023a01321400 'java/lang/invoke/LambdaForm$MH+0x0000023a01321400'

Classes redefined (0 events):
No events

Internal exceptions (20 events):
Event: 36.957 Thread 0x0000023a6eb6d690 Exception <a 'sun/nio/fs/WindowsException'{0x00000000d5661690}> (0x00000000d5661690) 
thrown [s\src\hotspot\share\prims\jni.cpp, line 520]
Event: 36.965 Thread 0x0000023a6eb6d690 Exception <a 'sun/nio/fs/WindowsException'{0x00000000d566aa18}> (0x00000000d566aa18) 
thrown [s\src\hotspot\share\prims\jni.cpp, line 520]
Event: 36.965 Thread 0x0000023a6eb6d690 Exception <a 'sun/nio/fs/WindowsException'{0x00000000d566b048}> (0x00000000d566b048) 
thrown [s\src\hotspot\share\prims\jni.cpp, line 520]
Event: 36.965 Thread 0x0000023a6eb6d690 Exception <a 'sun/nio/fs/WindowsException'{0x00000000d566bda8}> (0x00000000d566bda8) 
thrown [s\src\hotspot\share\prims\jni.cpp, line 520]
Event: 36.965 Thread 0x0000023a6eb6d690 Exception <a 'sun/nio/fs/WindowsException'{0x00000000d566c2d0}> (0x00000000d566c2d0) 
thrown [s\src\hotspot\share\prims\jni.cpp, line 520]
Event: 37.153 Thread 0x0000023a6eb6d690 Exception <a 'sun/nio/fs/WindowsException'{0x00000000d56b10c0}> (0x00000000d56b10c0) 
thrown [s\src\hotspot\share\prims\jni.cpp, line 520]
Event: 37.153 Thread 0x0000023a6eb6d690 Exception <a 'sun/nio/fs/WindowsException'{0x00000000d56b16f0}> (0x00000000d56b16f0) 
thrown [s\src\hotspot\share\prims\jni.cpp, line 520]
Event: 37.154 Thread 0x0000023a6eb6d690 Exception <a 'sun/nio/fs/WindowsException'{0x00000000d56b2450}> (0x00000000d56b2450) 
thrown [s\src\hotspot\share\prims\jni.cpp, line 520]
Event: 37.154 Thread 0x0000023a6eb6d690 Exception <a 'sun/nio/fs/WindowsException'{0x00000000d56b2978}> (0x00000000d56b2978) 
thrown [s\src\hotspot\share\prims\jni.cpp, line 520]
Event: 37.184 Thread 0x0000023a6eb6d690 Exception <a 'sun/nio/fs/WindowsException'{0x00000000d56c1100}> (0x00000000d56c1100) 
thrown [s\src\hotspot\share\prims\jni.cpp, line 520]
Event: 37.184 Thread 0x0000023a6eb6d690 Exception <a 'sun/nio/fs/WindowsException'{0x00000000d56c1730}> (0x00000000d56c1730) 
thrown [s\src\hotspot\share\prims\jni.cpp, line 520]
Event: 37.184 Thread 0x0000023a6eb6d690 Exception <a 'sun/nio/fs/WindowsException'{0x00000000d56c2490}> (0x00000000d56c2490) 
thrown [s\src\hotspot\share\prims\jni.cpp, line 520]
Event: 37.184 Thread 0x0000023a6eb6d690 Exception <a 'sun/nio/fs/WindowsException'{0x00000000d56c29b8}> (0x00000000d56c29b8) 
thrown [s\src\hotspot\share\prims\jni.cpp, line 520]
Event: 37.203 Thread 0x0000023a6eb6d690 Exception <a 'sun/nio/fs/WindowsException'{0x00000000d56cb7f0}> (0x00000000d56cb7f0) 
thrown [s\src\hotspot\share\prims\jni.cpp, line 520]
Event: 37.204 Thread 0x0000023a6eb6d690 Exception <a 'sun/nio/fs/WindowsException'{0x00000000d56cbe20}> (0x00000000d56cbe20) 
thrown [s\src\hotspot\share\prims\jni.cpp, line 520]
Event: 37.204 Thread 0x0000023a6eb6d690 Exception <a 'sun/nio/fs/WindowsException'{0x00000000d56ccb80}> (0x00000000d56ccb80) 
thrown [s\src\hotspot\share\prims\jni.cpp, line 520]
Event: 37.204 Thread 0x0000023a6eb6d690 Exception <a 'sun/nio/fs/WindowsException'{0x00000000d56cd0a8}> (0x00000000d56cd0a8) 
thrown [s\src\hotspot\share\prims\jni.cpp, line 520]
Event: 1223.712 Thread 0x0000023a6eb6d690 Implicit null exception at 0x0000023a5c62166f to 0x0000023a5c6232f4
Event: 1223.712 Thread 0x0000023a6eb6d690 Implicit null exception at 0x0000023a5c61d343 to 0x0000023a5c61dcec
Event: 1591.139 Thread 0x0000023a7245cf80 Exception <a 'java/lang/IncompatibleClassChangeError'{0x00000000d57dd9e8}: Found class java.lang.Object, but interface was expected> (0x00000000d57dd9e8) 
thrown [s\src\hotspot\share\interpreter\linkResolver.cpp, line 840]

ZGC Phase Switch (0 events):
No events

VM Operations (20 events):
Event: 1503.583 Executing VM operation: HandshakeAllThreads (HandshakeForDeflation)
Event: 1503.584 Executing VM operation: HandshakeAllThreads (HandshakeForDeflation) done
Event: 1503.584 Executing VM operation: RendezvousGCThreads
Event: 1503.584 Executing VM operation: RendezvousGCThreads done
Event: 1563.769 Executing VM operation: HandshakeAllThreads (HandshakeForDeflation)
Event: 1563.769 Executing VM operation: HandshakeAllThreads (HandshakeForDeflation) done
Event: 1563.769 Executing VM operation: RendezvousGCThreads
Event: 1563.769 Executing VM operation: RendezvousGCThreads done
Event: 1623.912 Executing VM operation: HandshakeAllThreads (HandshakeForDeflation)
Event: 1623.912 Executing VM operation: HandshakeAllThreads (HandshakeForDeflation) done
Event: 1623.913 Executing VM operation: RendezvousGCThreads
Event: 1623.913 Executing VM operation: RendezvousGCThreads done
Event: 1744.189 Executing VM operation: HandshakeAllThreads (HandshakeForDeflation)
Event: 1744.189 Executing VM operation: HandshakeAllThreads (HandshakeForDeflation) done
Event: 1744.189 Executing VM operation: RendezvousGCThreads
Event: 1744.189 Executing VM operation: RendezvousGCThreads done
Event: 1804.434 Executing VM operation: HandshakeAllThreads (HandshakeForDeflation)
Event: 1804.434 Executing VM operation: HandshakeAllThreads (HandshakeForDeflation) done
Event: 1804.434 Executing VM operation: RendezvousGCThreads
Event: 1804.434 Executing VM operation: RendezvousGCThreads done

Memory protections (0 events):
No events

Nmethod flushes (20 events):
Event: 25.836 Thread 0x0000023a67e03a60 flushing  nmethod 0x0000023a54c1d890
Event: 25.836 Thread 0x0000023a67e03a60 flushing  nmethod 0x0000023a54c1e090
Event: 25.836 Thread 0x0000023a67e03a60 flushing  nmethod 0x0000023a54c1e810
Event: 25.836 Thread 0x0000023a67e03a60 flushing  nmethod 0x0000023a54c1fd90
Event: 25.836 Thread 0x0000023a67e03a60 flushing  nmethod 0x0000023a54c20910
Event: 25.836 Thread 0x0000023a67e03a60 flushing  nmethod 0x0000023a54c21210
Event: 25.836 Thread 0x0000023a67e03a60 flushing  nmethod 0x0000023a54c22310
Event: 25.836 Thread 0x0000023a67e03a60 flushing  nmethod 0x0000023a54c23610
Event: 25.836 Thread 0x0000023a67e03a60 flushing  nmethod 0x0000023a54c23b10
Event: 25.836 Thread 0x0000023a67e03a60 flushing  nmethod 0x0000023a54c24990
Event: 25.836 Thread 0x0000023a67e03a60 flushing  nmethod 0x0000023a54c24c90
Event: 25.836 Thread 0x0000023a67e03a60 flushing  nmethod 0x0000023a54c2dc90
Event: 25.836 Thread 0x0000023a67e03a60 flushing  nmethod 0x0000023a54c45310
Event: 25.836 Thread 0x0000023a67e03a60 flushing  nmethod 0x0000023a54c5b990
Event: 25.836 Thread 0x0000023a67e03a60 flushing  nmethod 0x0000023a54c5d690
Event: 25.836 Thread 0x0000023a67e03a60 flushing  nmethod 0x0000023a54c66d90
Event: 25.836 Thread 0x0000023a67e03a60 flushing  nmethod 0x0000023a54cb3210
Event: 25.836 Thread 0x0000023a67e03a60 flushing  nmethod 0x0000023a54cd4b90
Event: 25.836 Thread 0x0000023a67e03a60 flushing  nmethod 0x0000023a54ce6410
Event: 25.836 Thread 0x0000023a67e03a60 flushing  nmethod 0x0000023a54ce7d90

Events (20 events):
Event: 37.125 Thread 0x0000023a72a8f3f0 Thread exited: 0x0000023a72a8f3f0
Event: 37.189 Thread 0x0000023a72a90f30 Thread exited: 0x0000023a72a90f30
Event: 93.422 Thread 0x0000023a71620880 Thread exited: 0x0000023a71620880
Event: 93.522 Thread 0x0000023a7082cce0 Thread exited: 0x0000023a7082cce0
Event: 93.522 Thread 0x0000023a6eb6c970 Thread exited: 0x0000023a6eb6c970
Event: 93.522 Thread 0x0000023a6eb6d000 Thread exited: 0x0000023a6eb6d000
Event: 93.572 Thread 0x0000023a6eb6dd20 Thread exited: 0x0000023a6eb6dd20
Event: 93.572 Thread 0x0000023a6eb6bc50 Thread exited: 0x0000023a6eb6bc50
Event: 153.423 Thread 0x0000023a7245dca0 Thread exited: 0x0000023a7245dca0
Event: 213.427 Thread 0x0000023a7245c260 Thread exited: 0x0000023a7245c260
Event: 273.432 Thread 0x0000023a72459470 Thread exited: 0x0000023a72459470
Event: 333.432 Thread 0x0000023a7245aeb0 Thread exited: 0x0000023a7245aeb0
Event: 393.439 Thread 0x0000023a716201f0 Thread exited: 0x0000023a716201f0
Event: 453.451 Thread 0x0000023a7245a190 Thread exited: 0x0000023a7245a190
Event: 513.451 Thread 0x0000023a7245c8f0 Thread exited: 0x0000023a7245c8f0
Event: 573.457 Thread 0x0000023a7245a820 Thread exited: 0x0000023a7245a820
Event: 633.457 Thread 0x0000023a7245d610 Thread exited: 0x0000023a7245d610
Event: 693.471 Thread 0x0000023a716215a0 Thread exited: 0x0000023a716215a0
Event: 1223.719 Thread 0x0000023a6e01f590 Thread added: 0x0000023a72a8ed20
Event: 1228.770 Thread 0x0000023a72a8ed20 Thread exited: 0x0000023a72a8ed20


Dynamic libraries:
0x00007ff641a10000 - 0x00007ff641a1e000 	c:\Users\ThinkPad L15\.vscode\extensions\redhat.java-1.46.0-win32-x64\jre\21.0.8-win32-x86_64\bin\java.exe
0x00007ffda2b30000 - 0x00007ffda2d28000 	C:\Windows\SYSTEM32\ntdll.dll
0x00007ffda0cf0000 - 0x00007ffda0db2000 	C:\Windows\System32\KERNEL32.DLL
0x00007ffda05c0000 - 0x00007ffda08b6000 	C:\Windows\System32\KERNELBASE.dll
0x00007ffda0950000 - 0x00007ffda0a50000 	C:\Windows\System32\ucrtbase.dll
0x00007ffd438a0000 - 0x00007ffd438b8000 	c:\Users\ThinkPad L15\.vscode\extensions\redhat.java-1.46.0-win32-x64\jre\21.0.8-win32-x86_64\bin\jli.dll
0x00007ffd42180000 - 0x00007ffd4219e000 	c:\Users\ThinkPad L15\.vscode\extensions\redhat.java-1.46.0-win32-x64\jre\21.0.8-win32-x86_64\bin\VCRUNTIME140.dll
0x00007ffda1d10000 - 0x00007ffda1ead000 	C:\Windows\System32\USER32.dll
0x00007ffda01c0000 - 0x00007ffda01e2000 	C:\Windows\System32\win32u.dll
0x00007ffd8f060000 - 0x00007ffd8f2fa000 	C:\Windows\WinSxS\amd64_microsoft.windows.common-controls_6595b64144ccf1df_6.0.19041.5915_none_60b4b9d171f9c7c7\COMCTL32.dll
0x00007ffda0bf0000 - 0x00007ffda0c1b000 	C:\Windows\System32\GDI32.dll
0x00007ffda0b50000 - 0x00007ffda0bee000 	C:\Windows\System32\msvcrt.dll
0x00007ffda04a0000 - 0x00007ffda05b9000 	C:\Windows\System32\gdi32full.dll
0x00007ffda0400000 - 0x00007ffda049d000 	C:\Windows\System32\msvcp_win.dll
0x00007ffda11a0000 - 0x00007ffda11cf000 	C:\Windows\System32\IMM32.DLL
0x00007ffd8dfd0000 - 0x00007ffd8dfdc000 	c:\Users\ThinkPad L15\.vscode\extensions\redhat.java-1.46.0-win32-x64\jre\21.0.8-win32-x86_64\bin\vcruntime140_1.dll
0x00007ffd3c680000 - 0x00007ffd3c70d000 	c:\Users\ThinkPad L15\.vscode\extensions\redhat.java-1.46.0-win32-x64\jre\21.0.8-win32-x86_64\bin\msvcp140.dll
0x00007ffd2cb10000 - 0x00007ffd2d8a7000 	c:\Users\ThinkPad L15\.vscode\extensions\redhat.java-1.46.0-win32-x64\jre\21.0.8-win32-x86_64\bin\server\jvm.dll
0x00007ffda2950000 - 0x00007ffda2a01000 	C:\Windows\System32\ADVAPI32.dll
0x00007ffda1b40000 - 0x00007ffda1bdf000 	C:\Windows\System32\sechost.dll
0x00007ffda1be0000 - 0x00007ffda1d03000 	C:\Windows\System32\RPCRT4.dll
0x00007ffda0b20000 - 0x00007ffda0b47000 	C:\Windows\System32\bcrypt.dll
0x00007ffda2a70000 - 0x00007ffda2adb000 	C:\Windows\System32\WS2_32.dll
0x00007ffd9ff00000 - 0x00007ffd9ff4b000 	C:\Windows\SYSTEM32\POWRPROF.dll
0x00007ffd96d60000 - 0x00007ffd96d6a000 	C:\Windows\SYSTEM32\VERSION.dll
0x00007ffd95500000 - 0x00007ffd95527000 	C:\Windows\SYSTEM32\WINMM.dll
0x00007ffd9fee0000 - 0x00007ffd9fef2000 	C:\Windows\SYSTEM32\UMPDC.dll
0x00007ffd9e9e0000 - 0x00007ffd9e9f2000 	C:\Windows\SYSTEM32\kernel.appcore.dll
0x00007ffd8dd20000 - 0x00007ffd8dd2a000 	c:\Users\ThinkPad L15\.vscode\extensions\redhat.java-1.46.0-win32-x64\jre\21.0.8-win32-x86_64\bin\jimage.dll
0x00007ffd9de90000 - 0x00007ffd9e091000 	C:\Windows\SYSTEM32\DBGHELP.DLL
0x00007ffd86090000 - 0x00007ffd860c4000 	C:\Windows\SYSTEM32\dbgcore.DLL
0x00007ffda08c0000 - 0x00007ffda0942000 	C:\Windows\System32\bcryptPrimitives.dll
0x00007ffd85810000 - 0x00007ffd8581f000 	c:\Users\ThinkPad L15\.vscode\extensions\redhat.java-1.46.0-win32-x64\jre\21.0.8-win32-x86_64\bin\instrument.dll
0x00007ffd42160000 - 0x00007ffd4217f000 	c:\Users\ThinkPad L15\.vscode\extensions\redhat.java-1.46.0-win32-x64\jre\21.0.8-win32-x86_64\bin\java.dll
0x00007ffda1310000 - 0x00007ffda1a7e000 	C:\Windows\System32\SHELL32.dll
0x00007ffd9e220000 - 0x00007ffd9e9c4000 	C:\Windows\SYSTEM32\windows.storage.dll
0x00007ffda2320000 - 0x00007ffda2673000 	C:\Windows\System32\combase.dll
0x00007ffd9fb80000 - 0x00007ffd9fbab000 	C:\Windows\SYSTEM32\Wldp.dll
0x00007ffda0c20000 - 0x00007ffda0ced000 	C:\Windows\System32\OLEAUT32.dll
0x00007ffda1a90000 - 0x00007ffda1b3d000 	C:\Windows\System32\SHCORE.dll
0x00007ffda2a10000 - 0x00007ffda2a6b000 	C:\Windows\System32\shlwapi.dll
0x00007ffda00f0000 - 0x00007ffda0115000 	C:\Windows\SYSTEM32\profapi.dll
0x00007ffd3c660000 - 0x00007ffd3c678000 	c:\Users\ThinkPad L15\.vscode\extensions\redhat.java-1.46.0-win32-x64\jre\21.0.8-win32-x86_64\bin\zip.dll
0x00007ffd8d040000 - 0x00007ffd8d050000 	C:\Users\ThinkPad L15\.vscode\extensions\redhat.java-1.46.0-win32-x64\jre\21.0.8-win32-x86_64\bin\net.dll
0x00007ffd9c700000 - 0x00007ffd9c80a000 	C:\Windows\SYSTEM32\WINHTTP.dll
0x00007ffd9f8e0000 - 0x00007ffd9f94a000 	C:\Windows\system32\mswsock.dll
0x00007ffd3c640000 - 0x00007ffd3c656000 	C:\Users\ThinkPad L15\.vscode\extensions\redhat.java-1.46.0-win32-x64\jre\21.0.8-win32-x86_64\bin\nio.dll
0x00007ffd836b0000 - 0x00007ffd836c0000 	c:\Users\ThinkPad L15\.vscode\extensions\redhat.java-1.46.0-win32-x64\jre\21.0.8-win32-x86_64\bin\verify.dll
0x00007ffd6eb50000 - 0x00007ffd6eb94000 	C:\Users\ThinkPad L15\AppData\Roaming\Code\User\globalStorage\redhat.java\1.46.0\config_win\org.eclipse.equinox.launcher\org.eclipse.equinox.launcher.win32.win32.x86_64_1.2.1400.v20250801-0854\eclipse_11916.dll
0x00007ffda2820000 - 0x00007ffda294b000 	C:\Windows\System32\ole32.dll
0x00007ffd9fae0000 - 0x00007ffd9faf8000 	C:\Windows\SYSTEM32\CRYPTSP.dll
0x00007ffd9f1a0000 - 0x00007ffd9f1d8000 	C:\Windows\system32\rsaenh.dll
0x00007ffda0070000 - 0x00007ffda009e000 	C:\Windows\SYSTEM32\USERENV.dll
0x00007ffd9fad0000 - 0x00007ffd9fadc000 	C:\Windows\SYSTEM32\CRYPTBASE.dll
0x00007ffd9f5c0000 - 0x00007ffd9f5fb000 	C:\Windows\SYSTEM32\IPHLPAPI.DLL
0x00007ffda2ae0000 - 0x00007ffda2ae8000 	C:\Windows\System32\NSI.dll
0x00007ffd580a0000 - 0x00007ffd580e9000 	C:\Users\ThinkPad L15\AppData\Local\Temp\jna--1998507727\jna11904058119046397460.dll
0x00007ffda0ea0000 - 0x00007ffda0ea8000 	C:\Windows\System32\PSAPI.DLL
0x00007ffd99d50000 - 0x00007ffd99d67000 	C:\Windows\SYSTEM32\dhcpcsvc6.DLL
0x00007ffd9bbd0000 - 0x00007ffd9bbed000 	C:\Windows\SYSTEM32\dhcpcsvc.DLL
0x00007ffd597b0000 - 0x00007ffd597d7000 	C:\Users\ThinkPad L15\.gradle\native\1def1411415f61bf3af743bc5b6707747c0891f09f0c88961ee8f79bc544acac\windows-amd64\native-platform.dll
0x00007ffd8b080000 - 0x00007ffd8b08a000 	C:\Users\ThinkPad L15\.vscode\extensions\redhat.java-1.46.0-win32-x64\jre\21.0.8-win32-x86_64\bin\management.dll
0x00007ffd8ae40000 - 0x00007ffd8ae4b000 	C:\Users\ThinkPad L15\.vscode\extensions\redhat.java-1.46.0-win32-x64\jre\21.0.8-win32-x86_64\bin\management_ext.dll

JVMTI agents:
c:\Users\ThinkPad L15\.vscode\extensions\redhat.java-1.46.0-win32-x64\lombok\lombok-1.18.39-4050.jar path:c:\Users\ThinkPad L15\.vscode\extensions\redhat.java-1.46.0-win32-x64\jre\21.0.8-win32-x86_64\bin\instrument.dll, loaded, initialized, instrumentlib options:none

dbghelp: loaded successfully - version: 4.0.5 - missing functions: none
symbol engine: initialized successfully - sym options: 0x614 - pdb path: .;c:\Users\ThinkPad L15\.vscode\extensions\redhat.java-1.46.0-win32-x64\jre\21.0.8-win32-x86_64\bin;C:\Windows\SYSTEM32;C:\Windows\WinSxS\amd64_microsoft.windows.common-controls_6595b64144ccf1df_6.0.19041.5915_none_60b4b9d171f9c7c7;c:\Users\ThinkPad L15\.vscode\extensions\redhat.java-1.46.0-win32-x64\jre\21.0.8-win32-x86_64\bin\server;C:\Users\ThinkPad L15\AppData\Roaming\Code\User\globalStorage\redhat.java\1.46.0\config_win\org.eclipse.equinox.launcher\org.eclipse.equinox.launcher.win32.win32.x86_64_1.2.1400.v20250801-0854;C:\Users\ThinkPad L15\AppData\Local\Temp\jna--1998507727;C:\Users\ThinkPad L15\.gradle\native\1def1411415f61bf3af743bc5b6707747c0891f09f0c88961ee8f79bc544acac\windows-amd64

VM Arguments:
jvm_args: --add-modules=ALL-SYSTEM --add-opens=java.base/java.util=ALL-UNNAMED --add-opens=java.base/java.lang=ALL-UNNAMED --add-opens=java.base/sun.nio.fs=ALL-UNNAMED -Declipse.application=org.eclipse.jdt.ls.core.id1 -Dosgi.bundles.defaultStartLevel=4 -Declipse.product=org.eclipse.jdt.ls.core.product -Djava.import.generatesMetadataFilesAtProjectRoot=false -DDetectVMInstallationsJob.disabled=true -Dfile.encoding=utf8 -XX:+UseParallelGC -XX:GCTimeRatio=4 -XX:AdaptiveSizePolicyWeight=90 -Dsun.zip.disableMemoryMapping=true -Xmx2G -Xms100m -Xlog:disable -javaagent:c:\Users\ThinkPad L15\.vscode\extensions\redhat.java-1.46.0-win32-x64\lombok\lombok-1.18.39-4050.jar -XX:+HeapDumpOnOutOfMemoryError -XX:HeapDumpPath=c:\Users\ThinkPad L15\AppData\Roaming\Code\User\workspaceStorage\6ed91179f2f0dc8b4840234d384d6134\redhat.java -Daether.dependencyCollector.impl=bf 
java_command: c:\Users\ThinkPad L15\.vscode\extensions\redhat.java-1.46.0-win32-x64\server\plugins\org.eclipse.equinox.launcher_1.7.0.v20250519-0528.jar -configuration c:\Users\ThinkPad L15\AppData\Roaming\Code\User\globalStorage\redhat.java\1.46.0\config_win -data c:\Users\ThinkPad L15\AppData\Roaming\Code\User\workspaceStorage\6ed91179f2f0dc8b4840234d384d6134\redhat.java\jdt_ws --pipe=\\.\pipe\lsp-8c942149eee8543cd1d5c40f51ce5805-sock
java_class_path (initial): c:\Users\ThinkPad L15\.vscode\extensions\redhat.java-1.46.0-win32-x64\server\plugins\org.eclipse.equinox.launcher_1.7.0.v20250519-0528.jar
Launcher Type: SUN_STANDARD

[Global flags]
    uintx AdaptiveSizePolicyWeight                 = 90                                        {product} {command line}
     intx CICompilerCount                          = 4                                         {product} {ergonomic}
    uintx GCTimeRatio                              = 4                                         {product} {command line}
     bool HeapDumpOnOutOfMemoryError               = true                                   {manageable} {command line}
    ccstr HeapDumpPath                             = c:\Users\ThinkPad L15\AppData\Roaming\Code\User\workspaceStorage\6ed91179f2f0dc8b4840234d384d6134\redhat.java         {manageable} {command line}
   size_t InitialHeapSize                          = 104857600                                 {product} {command line}
   size_t MaxHeapSize                              = 2147483648                                {product} {command line}
   size_t MaxNewSize                               = 715653120                                 {product} {ergonomic}
   size_t MinHeapDeltaBytes                        = 524288                                    {product} {ergonomic}
   size_t MinHeapSize                              = 104857600                                 {product} {command line}
   size_t NewSize                                  = 34603008                                  {product} {ergonomic}
    uintx NonNMethodCodeHeapSize                   = 5839372                                {pd product} {ergonomic}
    uintx NonProfiledCodeHeapSize                  = 122909434                              {pd product} {ergonomic}
   size_t OldSize                                  = 70254592                                  {product} {ergonomic}
    uintx ProfiledCodeHeapSize                     = 122909434                              {pd product} {ergonomic}
    uintx ReservedCodeCacheSize                    = 251658240                              {pd product} {ergonomic}
     bool SegmentedCodeCache                       = true                                      {product} {ergonomic}
   size_t SoftMaxHeapSize                          = 2147483648                             {manageable} {ergonomic}
     bool UseCompressedOops                        = true                           {product lp64_product} {ergonomic}
     bool UseLargePagesIndividualAllocation        = false                                  {pd product} {ergonomic}
     bool UseParallelGC                            = true                                      {product} {command line}

Logging:
Log output configuration:
 #0: stdout all=off uptime,level,tags foldmultilines=false
 #1: stderr all=off uptime,level,tags foldmultilines=false

Environment Variables:
JAVA_HOME=E:\jdk 17
PATH=C:\Windows\system32;C:\Windows;C:\Windows\System32\Wbem;C:\Windows\System32\WindowsPowerShell\v1.0\;C:\Windows\System32\OpenSSH\;C:\Program Files\Git\cmd;E:\node js\;E:\jdk 17\bin;E:\gradle\gradle-8.10.2\bin;E:\Android\Sdk\platform-tools;E:\Android\Sdk\emulator;E:\Android\Sdk\tools;E:\Android\Sdk\tools\bin;E:\Android\Sdk\cmdlines-tools\latest\bin;C:\Users\ThinkPad L15\AppData\Local\Programs\Python\Python312\Scripts\;C:\Users\ThinkPad L15\AppData\Local\Programs\Python\Python312\;C:\Users\ThinkPad L15\AppData\Local\Programs\Python\Launcher\;C:\Users\ThinkPad L15\AppData\Local\Microsoft\WindowsApps;C:\Users\ThinkPad L15\AppData\Local\Programs\Microsoft VS Code\bin;C:\Users\ThinkPad L15\AppData\Roaming\npm;
USERNAME=ThinkPad L15
OS=Windows_NT
PROCESSOR_IDENTIFIER=AMD64 Family 25 Model 80 Stepping 0, AuthenticAMD
TMP=C:\Users\THINKP~1\AppData\Local\Temp
TEMP=C:\Users\THINKP~1\AppData\Local\Temp




Periodic native trim disabled

---------------  S Y S T E M  ---------------

OS:
 Windows 10 , 64 bit Build 19041 (10.0.19041.5915)
OS uptime: 6 days 23:35 hours

CPU: total 12 (initial active 12) (12 cores per cpu, 2 threads per core) family 25 model 80 stepping 0 microcode 0x0, cx8, cmov, fxsr, ht, mmx, 3dnowpref, sse, sse2, sse3, ssse3, sse4a, sse4.1, sse4.2, popcnt, lzcnt, tsc, tscinvbit, avx, avx2, aes, erms, clmul, bmi1, bmi2, adx, sha, fma, vzeroupper, clflush, clflushopt, rdtscp, rdpid, fsrm, f16c, pku, cet_ss
Processor Information for the first 12 processors :
  Max Mhz: 2301, Current Mhz: 1887, Mhz Limit: 2301

Memory: 4k page, system-wide physical 15182M (786M free)
TotalPageFile size 25545M (AvailPageFile size 454M)
current process WorkingSet (physical memory assigned to process): 25M, peak: 358M
current process commit charge ("private bytes"): 417M, peak: 446M

vm_info: OpenJDK 64-Bit Server VM (21.0.8+9-LTS) for windows-amd64 JRE (21.0.8+9-LTS), built on 2025-07-15T00:00:00Z by "admin" with MS VC++ 17.7 (VS2022)

END.
